// Jest Snapshot v1, https://goo.gl/fbAQLP

exports[`RegisterForm render snapshots ðŸ“¸ Register should match snap shot 1`] = `
<div
  className="register__form"
>
  <form
    className=""
  >
    <div
      className="form-inputs"
    >
      <div
        className="form-group"
      >
        <input
          className="mb-2 form-control"
          id="firstName"
          name="firstName"
          placeholder="Enter your first name"
          type="text"
        />
      </div>
      <div
        className="form-group"
      >
        <input
          className="mb-2 form-control"
          id="middleName"
          name="middleName"
          placeholder="Enter your middle name"
          type="text"
        />
      </div>
      <div
        className="form-group"
      >
        <input
          className="mb-2 form-control"
          id="lastName"
          name="lastName"
          placeholder="Enter your last name"
          type="text"
        />
      </div>
      <div
        className="form-group"
      >
        <input
          className="mb-2 form-control"
          id="birthDate"
          name="birthDate"
          placeholder="Enter your date of birth"
          type="date"
        />
      </div>
      <div
        className="form-group"
      >
        <input
          className="mb-2 form-control"
          id="email"
          name="email"
          placeholder="Enter your email"
          type="email"
        />
      </div>
      <div
        className="form-group"
      >
        <input
          className="mb-2 form-control"
          id="phoneNumber"
          name="phoneNumber"
          placeholder="Enter your phone number"
          type="tel"
        />
      </div>
      <div
        className="form-group"
      >
        <input
          className="mb-2 form-control"
          id="password"
          name="password"
          placeholder="Enter a password"
          type="password"
        />
      </div>
      <div
        className="form-group"
      >
        <input
          className="mb-2 form-control"
          id="confirmPassword"
          name="confirmPassword"
          placeholder="Verify password"
          type="password"
        />
      </div>
      <div
        className="form-group"
      >
        <input
          className="mb-2 form-control"
          id="location"
          name="location"
          placeholder="Enter your location"
          type="text"
        />
      </div>
    </div>
    <div
      className="form-group"
    >
      <button
        className="btn btn-dark btn-lg btn-pill"
        name="submit"
        onClick={[Function]}
        type="button"
      >
        Submit
      </button>
    </div>
  </form>
</div>
`;
