// Jest Snapshot v1, https://goo.gl/fbAQLP

exports[`StartBillButton render snapshots ðŸ“¸ StartBillButton should match snap shot 1`] = `
<button
  className="startBill__button btn btn-primary btn-md btn-pill"
  onClick={[Function]}
/>
`;
