// Jest Snapshot v1, https://goo.gl/fbAQLP

exports[`LandingPage render snapshots ðŸ“¸ LandingPage should match snap shot 1`] = `
<div
  className="page__landing"
>
  <div
    className="title__logo"
    id="flex__item"
  >
    <div
      className="title"
    >
      <div
        className="title__row"
      >
        <h1
          className="title__title"
        >
          Billsnap
        </h1>
        <img
          alt="Logo"
          className="title__logo"
          src="https://via.placeholder.com/150x100.png?text=150x100+Logo"
        />
      </div>
      <div
        className="title__row title__text"
      >
        <p>
          Lorem ipsum dolor sit amet, consectetur adipisicing elit. Atque dignissimos eos error quo, repellendus repudiandae sunt. Amet asperiores atque commodi, deleniti dicta expedita ipsa modi nemo, quos rem voluptate voluptates.
        </p>
      </div>
    </div>
  </div>
  <div
    id="flex__item"
  >
    <div
      className="register__container"
    >
      <div
        className="hidden__div"
      />
      <img
        alt="character logo"
        className="character__icon__image"
        src="./billSnapIcon.png"
      />
      <form
        className=""
      >
        <div
          className="form__inputs"
        >
          <div
            className="form-group"
            onChange={[Function]}
          >
            <input
              autoComplete="first-name"
              className="register__login__inputs form-control"
              id="firstName"
              name="firstName"
              placeholder="ðŸ‘¤ Enter your first name"
              type="text"
            />
          </div>
          <div
            className="form-group"
            onChange={[Function]}
          >
            <input
              autoComplete="last-name"
              className="register__login__inputs form-control"
              id="lastName"
              name="lastName"
              placeholder="ðŸ‘¤ Enter your last name"
              type="text"
            />
          </div>
          <div
            className="form-group"
            onChange={[Function]}
          >
            <input
              autoComplete="username"
              className="register__login__inputs form-control"
              id="email"
              name="email"
              placeholder="@ Enter your email"
              type="email"
            />
          </div>
          <div
            className="form-group"
            onChange={[Function]}
          >
            <input
              autoComplete="new-password"
              className="register__login__inputs form-control"
              id="password"
              name="password"
              placeholder="ðŸ”’ Enter a password"
              type="password"
            />
          </div>
          <div
            className="form-group"
            onChange={[Function]}
          >
            <input
              autoComplete="new-password"
              className="register__login__inputs form-control"
              id="confirmPassword"
              name="confirmPassword"
              placeholder="ðŸ”’ Verify password"
              type="password"
            />
          </div>
        </div>
        <div
          className="form-group"
        >
          <button
            className="login_register__submit__button btn btn-primary btn-sm btn-pill"
            name="submit"
            onClick={[Function]}
            type="button"
          >
            Submit
          </button>
        </div>
      </form>
      <div>
        <div
          className="form__seperator"
        >
          <hr
            className="form__horizontal__line"
          />
          Or
          <hr
            className="form__horizontal__line"
          />
        </div>
        <div>
          <h6>
            Have an account?
          </h6>
          <button
            className="form__toggle btn btn-primary"
            onClick={[Function]}
            type="button"
          >
            ðŸ‘‹ Log in to your account.
          </button>
        </div>
      </div>
    </div>
  </div>
</div>
`;
