// Jest Snapshot v1, https://goo.gl/fbAQLP

exports[`LandingPage render snapshots ðŸ“¸ LandingPage should match snap shot 1`] = `
<div
  className="page__register"
>
  <div
    className="title-logo"
  >
    <div
      className="title"
    >
      <div
        className="title__row"
      >
        <div
          className="title__title"
        >
          <h1>
            Billsnap
          </h1>
        </div>
        <div
          className="title__logo"
        >
          <img
            alt="Logo"
            src="https://via.placeholder.com/150x100.png?text=150x100+Logo"
          />
        </div>
      </div>
      <div
        className="title__row title__text"
      >
        <p>
          Lorem ipsum dolor sit amet, consectetur adipisicing elit. Atque dignissimos eos error quo, repellendus repudiandae sunt. Amet asperiores atque commodi, deleniti dicta expedita ipsa modi nemo, quos rem voluptate voluptates.
        </p>
      </div>
    </div>
  </div>
  <div
    className="register__container"
  >
    <div
      className="regForm"
    >
      <div
        className="register__form"
      >
        <form
          className=""
        >
          <div
            className="form-inputs"
          >
            <div
              className="form-group"
              onChange={[Function]}
            >
              <input
                className="mb-2 form-control"
                id="firstName"
                name="firstName"
                placeholder="Enter your first name"
                type="text"
              />
            </div>
            <div
              className="form-group"
              onChange={[Function]}
            >
              <input
                className="mb-2 form-control"
                id="middleName"
                name="middleName"
                placeholder="Enter your middle name"
                type="text"
              />
            </div>
            <div
              className="form-group"
              onChange={[Function]}
            >
              <input
                className="mb-2 form-control"
                id="lastName"
                name="lastName"
                placeholder="Enter your last name"
                type="text"
              />
            </div>
            <div
              className="form-group"
              onChange={[Function]}
            >
              <input
                className="mb-2 form-control"
                id="birthDate"
                name="birthDate"
                placeholder="Enter your date of birth"
                type="date"
              />
            </div>
            <div
              className="form-group"
              onChange={[Function]}
            >
              <input
                className="mb-2 form-control"
                id="email"
                name="email"
                placeholder="Enter your email"
                type="email"
              />
            </div>
            <div
              className="form-group"
              onChange={[Function]}
            >
              <input
                className="mb-2 form-control"
                id="phoneNumber"
                name="phoneNumber"
                placeholder="Enter your phone number"
                type="tel"
              />
            </div>
            <div
              className="form-group"
              onChange={[Function]}
            >
              <input
                className="mb-2 form-control"
                id="password"
                name="password"
                placeholder="Enter a password"
                type="password"
              />
            </div>
            <div
              className="form-group"
              onChange={[Function]}
            >
              <input
                className="mb-2 form-control"
                id="confirmPassword"
                name="confirmPassword"
                placeholder="Verify password"
                type="password"
              />
            </div>
            <div
              className="form-group"
              onChange={[Function]}
            >
              <input
                className="mb-2 form-control"
                id="location"
                name="location"
                placeholder="Enter your location"
                type="text"
              />
            </div>
          </div>
          <div
            className="form-group"
          >
            <button
              className="btn btn-dark btn-lg btn-pill"
              name="submit"
              onClick={[Function]}
              type="button"
            >
              Submit
            </button>
          </div>
        </form>
      </div>
    </div>
    <div>
      <h6>
        Have an account? 
        <button
          className="login-link btn btn-primary"
          onClick={[Function]}
          type="button"
        >
          Login to your account.
           
        </button>
      </h6>
    </div>
  </div>
</div>
`;
