// Jest Snapshot v1, https://goo.gl/fbAQLP

exports[`LoginForm render snapshots ðŸ“¸ Login should match snap shot 1`] = `
<div
  className="login__form"
>
  <form
    className=""
  >
    <div
      className="form-inputs"
    >
      <div
        className="form-group"
      >
        <input
          className="mb-2 form-control"
          id="email"
          name="email"
          placeholder="Enter your email"
          type="email"
        />
      </div>
      <div
        className="form-group"
      >
        <input
          className="mb-2 form-control"
          id="password"
          name="password"
          placeholder="Enter a password"
          type="password"
        />
      </div>
    </div>
    <div
      className="form-group"
    >
      <button
        className="btn btn-dark btn-lg btn-pill"
        name="submit"
        onClick={[Function]}
        type="button"
      >
        Login
      </button>
    </div>
  </form>
</div>
`;
