// Jest Snapshot v1, https://goo.gl/fbAQLP

exports[`Loader render snapshots ðŸ“¸ Loader should match snap shot 1`] = `
<div
  className="billsnap-loader loader"
>
  Loading...
</div>
`;
