// Jest Snapshot v1, https://goo.gl/fbAQLP

exports[`StartBillContainer snapshots ðŸ“¸ StartBillContainer should match snap shot when user is bill responsible 1`] = `
<div
  className="button__container"
>
  <button
    className="startBill__button btn btn-primary btn-sm btn-pill"
    onClick={[Function]}
    type="button"
  >
    Start Bill
  </button>
</div>
`;

exports[`StartBillContainer snapshots ðŸ“¸ StartBillContainer should match snap shot when user is not bill responsible 1`] = `<div />`;
