// Jest Snapshot v1, https://goo.gl/fbAQLP

exports[`ItemSplitContainer render snapshot ðŸ“¸ should match closed snapshot 1`] = `
<div
  className="popout__button"
>
  <svg
    fill="currentColor"
    height={15}
    onClick={[Function]}
    size={15}
    stroke="currentColor"
    strokeWidth="0"
    style={
      Object {
        "color": undefined,
      }
    }
    viewBox="0 0 24 24"
    width={15}
    xmlns="http://www.w3.org/2000/svg"
  >
    <path
      d="M19 19H5V5h7V3H5c-1.11 0-2 .9-2 2v14c0 1.1.89 2 2 2h14c1.1 0 2-.9 2-2v-7h-2v7zM14 3v2h3.59l-9.83 9.83 1.41 1.41L19 6.41V10h2V3h-7z"
    />
  </svg>
</div>
`;

exports[`ItemSplitContainer render snapshot ðŸ“¸ should match open snapshot 1`] = `
<div
  className="popout__button"
>
  <svg
    fill="currentColor"
    height={15}
    onClick={[Function]}
    size={15}
    stroke="currentColor"
    strokeWidth="0"
    style={
      Object {
        "color": undefined,
      }
    }
    viewBox="0 0 24 24"
    width={15}
    xmlns="http://www.w3.org/2000/svg"
  >
    <path
      d="M19 19H5V5h7V3H5c-1.11 0-2 .9-2 2v14c0 1.1.89 2 2 2h14c1.1 0 2-.9 2-2v-7h-2v7zM14 3v2h3.59l-9.83 9.83 1.41 1.41L19 6.41V10h2V3h-7z"
    />
  </svg>
  <div
    className="modal-backdrop fade"
  />
  <div
    aria-hidden={true}
    className="modal fade top"
    onClick={[Function]}
    role="dialog"
    style={
      Object {
        "display": "block",
      }
    }
  >
    <div
      className="modal-dialog scroll__bar__modal"
      role="document"
    >
      <div
        className="modal-content"
      >
        <div
          className="modal__text modal__body card-body"
        >
          <div>
            Item: 
            <span
              className="embolden"
            >
               
              Bigger String
               
            </span>
          </div>
          <div>
            Total: 
            300.00
             $
          </div>
          <hr
            className="card__separator"
          />
          <div>
            Shared between:
          </div>
          <div
            className="one__liner"
          >
            <div>
              <div
                className="accounts__icons"
              >
                <svg
                  fill="currentColor"
                  height={50}
                  size={50}
                  stroke="currentColor"
                  strokeWidth="0"
                  style={
                    Object {
                      "color": undefined,
                    }
                  }
                  viewBox="0 0 24 24"
                  width={50}
                  xmlns="http://www.w3.org/2000/svg"
                >
                  <path
                    d="M12 2C6.48 2 2 6.48 2 12s4.48 10 10 10 10-4.48 10-10S17.52 2 12 2zm0 3c1.66 0 3 1.34 3 3s-1.34 3-3 3-3-1.34-3-3 1.34-3 3-3zm0 14.2c-2.5 0-4.71-1.28-6-3.22.03-1.99 4-3.08 6-3.08 1.99 0 5.97 1.09 6 3.08-1.29 1.94-3.5 3.22-6 3.22z"
                  />
                </svg>
                <svg
                  className="status_icon"
                  color="#47E5B6"
                  fill="currentColor"
                  height={40}
                  size={40}
                  stroke="currentColor"
                  strokeWidth="0"
                  style={
                    Object {
                      "color": "#47E5B6",
                    }
                  }
                  viewBox="0 0 24 24"
                  width={40}
                  xmlns="http://www.w3.org/2000/svg"
                >
                  <path
                    d="M9 16.2L4.8 12l-1.4 1.4L9 19 21 7l-1.4-1.4L9 16.2z"
                  />
                </svg>
              </div>
              <p
                className="icon__name"
              >
                string
              </p>
            </div>
            <div
              className="grow__line"
            >
              <div
                className="center"
              >
                180.00
                 $
              </div>
              <div
                className="progress"
              >
                <div
                  aria-valuemax={100}
                  aria-valuemin="0"
                  aria-valuenow={60}
                  className="progress-bar bg-success"
                  role="progressbar"
                  style={
                    Object {
                      "width": "60%",
                    }
                  }
                >
                  60
                   %
                </div>
              </div>
            </div>
          </div>
          <div
            className="one__liner"
          >
            <div>
              <div
                className="accounts__icons"
              >
                <svg
                  fill="currentColor"
                  height={50}
                  size={50}
                  stroke="currentColor"
                  strokeWidth="0"
                  style={
                    Object {
                      "color": undefined,
                    }
                  }
                  viewBox="0 0 24 24"
                  width={50}
                  xmlns="http://www.w3.org/2000/svg"
                >
                  <path
                    d="M12 2C6.48 2 2 6.48 2 12s4.48 10 10 10 10-4.48 10-10S17.52 2 12 2zm0 3c1.66 0 3 1.34 3 3s-1.34 3-3 3-3-1.34-3-3 1.34-3 3-3zm0 14.2c-2.5 0-4.71-1.28-6-3.22.03-1.99 4-3.08 6-3.08 1.99 0 5.97 1.09 6 3.08-1.29 1.94-3.5 3.22-6 3.22z"
                  />
                </svg>
                <svg
                  className="status_icon"
                  color="#47E5B6"
                  fill="currentColor"
                  height={40}
                  size={40}
                  stroke="currentColor"
                  strokeWidth="0"
                  style={
                    Object {
                      "color": "#47E5B6",
                    }
                  }
                  viewBox="0 0 24 24"
                  width={40}
                  xmlns="http://www.w3.org/2000/svg"
                >
                  <path
                    d="M9 16.2L4.8 12l-1.4 1.4L9 19 21 7l-1.4-1.4L9 16.2z"
                  />
                </svg>
              </div>
              <p
                className="icon__name"
              >
                string
              </p>
            </div>
            <div
              className="grow__line"
            >
              <div
                className="center"
              >
                120.00
                 $
              </div>
              <div
                className="progress"
              >
                <div
                  aria-valuemax={100}
                  aria-valuemin="0"
                  aria-valuenow={40}
                  className="progress-bar bg-success"
                  role="progressbar"
                  style={
                    Object {
                      "width": "40%",
                    }
                  }
                >
                  40
                   %
                </div>
              </div>
            </div>
          </div>
        </div>
        <div
          className="send__right"
        >
          <button
            className="confirm__button btn btn-success btn-sm btn-pill"
            onClick={[Function]}
            type="button"
          >
            Confirm
          </button>
        </div>
      </div>
    </div>
  </div>
</div>
`;
