// Jest Snapshot v1, https://goo.gl/fbAQLP

exports[`Dashboard render snapshots ðŸ“¸ Dashboard should match snap shot 1`] = `
<div>
  <div
    className="bill__wrapper"
  >
    <p>
       No Bills Found
    </p>
  </div>
</div>
`;
