// Jest Snapshot v1, https://goo.gl/fbAQLP

exports[`LargeBillCard render snapshots ðŸ“¸ SmallBillCard should match snap shot 1`] = `
<div
  className="large__bill card"
>
  <div
    className="inner__bill__dimensions"
  >
    <div
      className="split_between space-top"
    >
      <div>
        Bill # 
        100
      </div>
      <div
        className="embolden"
      >
        long bill
      </div>
    </div>
    <div
      className="inner__bill_container"
    >
      <div
        className="card-body"
      >
        <div
          className="split_between"
        >
          <div />
          <div
            className="sub-text"
          >
            28-08-2020 16:13:46 -0400
          </div>
        </div>
        <div
          className="split_between"
        >
          <div />
          <div
            className="sub-text"
          >
            Category: 
            shopping
          </div>
        </div>
        <br />
        <div
          className="split_between"
        >
          <div
            className="sub-text"
          >
            Items:
          </div>
          <div />
        </div>
        <div
          className="split_between embolden"
        >
          <div>
            <div
              className="split_between"
            >
              <div
                className="sub_items_text"
              >
                item 6
              </div>
              <div
                className="popout__button"
              >
                <svg
                  fill="currentColor"
                  height={15}
                  onClick={[Function]}
                  size={15}
                  stroke="currentColor"
                  strokeWidth="0"
                  style={
                    Object {
                      "color": undefined,
                    }
                  }
                  viewBox="0 0 24 24"
                  width={15}
                  xmlns="http://www.w3.org/2000/svg"
                >
                  <path
                    d="M19 19H5V5h7V3H5c-1.11 0-2 .9-2 2v14c0 1.1.89 2 2 2h14c1.1 0 2-.9 2-2v-7h-2v7zM14 3v2h3.59l-9.83 9.83 1.41 1.41L19 6.41V10h2V3h-7z"
                  />
                </svg>
              </div>
            </div>
          </div>
          <div>
            6.00
             $
          </div>
        </div>
        <div
          className="split_between embolden"
        >
          <div>
            <div
              className="split_between"
            >
              <div
                className="sub_items_text"
              >
                item 3
              </div>
              <div
                className="popout__button"
              >
                <svg
                  fill="currentColor"
                  height={15}
                  onClick={[Function]}
                  size={15}
                  stroke="currentColor"
                  strokeWidth="0"
                  style={
                    Object {
                      "color": undefined,
                    }
                  }
                  viewBox="0 0 24 24"
                  width={15}
                  xmlns="http://www.w3.org/2000/svg"
                >
                  <path
                    d="M19 19H5V5h7V3H5c-1.11 0-2 .9-2 2v14c0 1.1.89 2 2 2h14c1.1 0 2-.9 2-2v-7h-2v7zM14 3v2h3.59l-9.83 9.83 1.41 1.41L19 6.41V10h2V3h-7z"
                  />
                </svg>
              </div>
            </div>
          </div>
          <div>
            3.00
             $
          </div>
        </div>
        <div
          className="split_between embolden"
        >
          <div>
            <div
              className="split_between"
            >
              <div
                className="sub_items_text"
              >
                item 2
              </div>
              <div
                className="popout__button"
              >
                <svg
                  fill="currentColor"
                  height={15}
                  onClick={[Function]}
                  size={15}
                  stroke="currentColor"
                  strokeWidth="0"
                  style={
                    Object {
                      "color": undefined,
                    }
                  }
                  viewBox="0 0 24 24"
                  width={15}
                  xmlns="http://www.w3.org/2000/svg"
                >
                  <path
                    d="M19 19H5V5h7V3H5c-1.11 0-2 .9-2 2v14c0 1.1.89 2 2 2h14c1.1 0 2-.9 2-2v-7h-2v7zM14 3v2h3.59l-9.83 9.83 1.41 1.41L19 6.41V10h2V3h-7z"
                  />
                </svg>
              </div>
            </div>
          </div>
          <div>
            2.00
             $
          </div>
        </div>
        <div
          className="split_between embolden"
        >
          <div>
            <div
              className="split_between"
            >
              <div
                className="sub_items_text"
              >
                item 4
              </div>
              <div
                className="popout__button"
              >
                <svg
                  fill="currentColor"
                  height={15}
                  onClick={[Function]}
                  size={15}
                  stroke="currentColor"
                  strokeWidth="0"
                  style={
                    Object {
                      "color": undefined,
                    }
                  }
                  viewBox="0 0 24 24"
                  width={15}
                  xmlns="http://www.w3.org/2000/svg"
                >
                  <path
                    d="M19 19H5V5h7V3H5c-1.11 0-2 .9-2 2v14c0 1.1.89 2 2 2h14c1.1 0 2-.9 2-2v-7h-2v7zM14 3v2h3.59l-9.83 9.83 1.41 1.41L19 6.41V10h2V3h-7z"
                  />
                </svg>
              </div>
            </div>
          </div>
          <div>
            4.00
             $
          </div>
        </div>
        <div
          className="split_between embolden"
        >
          <div>
            <div
              className="split_between"
            >
              <div
                className="sub_items_text"
              >
                item 5
              </div>
              <div
                className="popout__button"
              >
                <svg
                  fill="currentColor"
                  height={15}
                  onClick={[Function]}
                  size={15}
                  stroke="currentColor"
                  strokeWidth="0"
                  style={
                    Object {
                      "color": undefined,
                    }
                  }
                  viewBox="0 0 24 24"
                  width={15}
                  xmlns="http://www.w3.org/2000/svg"
                >
                  <path
                    d="M19 19H5V5h7V3H5c-1.11 0-2 .9-2 2v14c0 1.1.89 2 2 2h14c1.1 0 2-.9 2-2v-7h-2v7zM14 3v2h3.59l-9.83 9.83 1.41 1.41L19 6.41V10h2V3h-7z"
                  />
                </svg>
              </div>
            </div>
          </div>
          <div>
            5.00
             $
          </div>
        </div>
        <div
          className="split_between embolden"
        >
          <div>
            <div
              className="split_between"
            >
              <div
                className="sub_items_text"
              >
                item 1
              </div>
              <div
                className="popout__button"
              >
                <svg
                  fill="currentColor"
                  height={15}
                  onClick={[Function]}
                  size={15}
                  stroke="currentColor"
                  strokeWidth="0"
                  style={
                    Object {
                      "color": undefined,
                    }
                  }
                  viewBox="0 0 24 24"
                  width={15}
                  xmlns="http://www.w3.org/2000/svg"
                >
                  <path
                    d="M19 19H5V5h7V3H5c-1.11 0-2 .9-2 2v14c0 1.1.89 2 2 2h14c1.1 0 2-.9 2-2v-7h-2v7zM14 3v2h3.59l-9.83 9.83 1.41 1.41L19 6.41V10h2V3h-7z"
                  />
                </svg>
              </div>
            </div>
          </div>
          <div>
            1.00
             $
          </div>
        </div>
        <div
          className="split_between"
        >
          <div
            className="sub-text"
          >
            Tips:
          </div>
          <div
            className="embolden"
          >
            69.00
             $
          </div>
        </div>
        <div
          className="split_between"
        >
          <div
            className="sub-text"
          >
            Taxes:
          </div>
          <div
            className="embolden"
          >
            54.68
             $
          </div>
        </div>
        <div
          className="split_between embolden total_balance"
        >
          <div>
            Total Balance
          </div>
          <div>
            144.68
             $
          </div>
        </div>
        <div
          className="account__icons__container"
        >
          <div>
            <div
              className="accounts__icons"
            >
              <svg
                fill="currentColor"
                height={50}
                size={50}
                stroke="currentColor"
                strokeWidth="0"
                style={
                  Object {
                    "color": undefined,
                  }
                }
                viewBox="0 0 24 24"
                width={50}
                xmlns="http://www.w3.org/2000/svg"
              >
                <path
                  d="M12 2C6.48 2 2 6.48 2 12s4.48 10 10 10 10-4.48 10-10S17.52 2 12 2zm0 3c1.66 0 3 1.34 3 3s-1.34 3-3 3-3-1.34-3-3 1.34-3 3-3zm0 14.2c-2.5 0-4.71-1.28-6-3.22.03-1.99 4-3.08 6-3.08 1.99 0 5.97 1.09 6 3.08-1.29 1.94-3.5 3.22-6 3.22z"
                />
              </svg>
              <svg
                className="status_icon"
                color="#FFB400"
                fill="currentColor"
                height={30}
                size={30}
                stroke="currentColor"
                strokeWidth="0"
                style={
                  Object {
                    "color": "#FFB400",
                  }
                }
                viewBox="0 0 24 24"
                width={30}
                xmlns="http://www.w3.org/2000/svg"
              >
                <path
                  d="M6 2v6h.01L6 8.01 10 12l-4 4 .01.01H6V22h12v-5.99h-.01L18 16l-4-4 4-3.99-.01-.01H18V2H6z"
                />
              </svg>
            </div>
            <p
              className="icon__name"
            >
              string
            </p>
          </div>
          <div>
            <div
              className="accounts__icons"
            >
              <svg
                fill="currentColor"
                height={50}
                size={50}
                stroke="currentColor"
                strokeWidth="0"
                style={
                  Object {
                    "color": undefined,
                  }
                }
                viewBox="0 0 24 24"
                width={50}
                xmlns="http://www.w3.org/2000/svg"
              >
                <path
                  d="M12 2C6.48 2 2 6.48 2 12s4.48 10 10 10 10-4.48 10-10S17.52 2 12 2zm0 3c1.66 0 3 1.34 3 3s-1.34 3-3 3-3-1.34-3-3 1.34-3 3-3zm0 14.2c-2.5 0-4.71-1.28-6-3.22.03-1.99 4-3.08 6-3.08 1.99 0 5.97 1.09 6 3.08-1.29 1.94-3.5 3.22-6 3.22z"
                />
              </svg>
              <svg
                className="status_icon"
                color="#47E5B6"
                fill="currentColor"
                height={40}
                size={40}
                stroke="currentColor"
                strokeWidth="0"
                style={
                  Object {
                    "color": "#47E5B6",
                  }
                }
                viewBox="0 0 24 24"
                width={40}
                xmlns="http://www.w3.org/2000/svg"
              >
                <path
                  d="M9 16.2L4.8 12l-1.4 1.4L9 19 21 7l-1.4-1.4L9 16.2z"
                />
              </svg>
            </div>
            <p
              className="icon__name"
            >
              string
            </p>
          </div>
        </div>
      </div>
    </div>
  </div>
</div>
`;
