// Jest Snapshot v1, https://goo.gl/fbAQLP

exports[`CreateBillFormContainer render snapshots ðŸ“¸ CreateBillFormContainer should match snap shot 1`] = `
<div>
  <button
    className="btn btn-primary"
    onClick={[Function]}
    type="button"
  >
     + Add Bill
  </button>
</div>
`;
