// Jest Snapshot v1, https://goo.gl/fbAQLP

exports[`CreateBillForm snapshots ðŸ“¸ CreateBillFormContainer should match snap shot 1`] = `
<div>
  <form
    className=""
  >
    <div
      className="form-group"
      onChange={[Function]}
    >
      <label
        htmlFor="#name"
      >
         BILL NAME 
      </label>
      <input
        className="form-control"
        id="name"
        name="name"
        placeholder="ex: Bill #1"
      />
      <div
        className="container"
      >
        <div
          className="row"
        >
          <div
            className="display__left col-lg-5"
          >
            <label
              htmlFor="#paidBy"
            >
               PAID BY 
            </label>
            <input
              className="form-control"
              id="paidBy"
              name="paidBy"
              placeholder="ex: Danny"
            />
          </div>
          <div
            className="col-lg-5"
          >
            <label
              htmlFor="#category"
            >
               CATEGORY 
            </label>
            <input
              className="form-control"
              id="category"
              name="category"
              placeholder="ex: Restaurant"
            />
          </div>
          <div
            className="col-lg-1"
          />
        </div>
      </div>
      <label
        htmlFor="#company"
      >
         COMPANY 
      </label>
      <input
        className="form-control"
        id="company"
        name="company"
        placeholder="ex: OnlyFans"
      />
    </div>
    <div
      className="form-group"
      id="items"
    >
      <div
        className="container"
      >
        <div
          className="row"
        >
          <div
            className="display__left col"
          >
            <label>
              <strong>
                Items
              </strong>
            </label>
          </div>
          <div
            className="col"
          >
            <label>
              PRICE
            </label>
          </div>
          <div
            className="col"
          />
        </div>
        <div>
          <div
            className="element__display row"
          >
            <div
              className="display__left col"
            >
               
              cheese
            </div>
            <div
              className="col"
            >
               
              10
            </div>
            <div
              className="col"
            >
              <div
                className="remove__button"
                onClick={[Function]}
              >
                 - 
              </div>
            </div>
          </div>
          <hr />
        </div>
        <div
          className="row"
        >
          <div
            className="display__left col"
          >
            <input
              className="form-control"
              name="name"
              onChange={[Function]}
              placeholder="ex: Goat cheese"
              value=""
            />
          </div>
          <div
            className="col"
          >
            <div
              className="input-group"
            >
              <div
                className="input-group-prepend"
              >
                <span
                  className="input-group-text"
                >
                  $
                </span>
              </div>
              <input
                className="form-control"
                min="0"
                name="cost"
                onChange={[Function]}
                placeholder="ex: 37.43"
                type="number"
                value={0}
              />
            </div>
          </div>
          <div
            className="col"
          >
            <button
              className="btn btn-primary"
              onClick={[Function]}
              type="button"
            >
              Add
            </button>
          </div>
        </div>
      </div>
    </div>
    <div
      className="form-group"
    >
      <div
        className="container"
      >
        <div
          className="row"
        >
          <div
            className="col-lg-4"
          >
            <label
              htmlFor="#tip"
            >
               
              <strong>
                TIP
              </strong>
            </label>
          </div>
          <div
            className="col-lg-5"
          >
            <label
              className="custom-control custom-radio custom-control-inline"
            >
              <input
                checked={true}
                className="custom-control-input"
                id="dr-radio-73llaHQYDC"
                onChange={[Function]}
                type="radio"
              />
              <label
                aria-hidden="true"
                className="custom-control-label"
                id="dr-radio-73llaHQYDC"
                onClick={[Function]}
              />
              <span
                className="custom-control-description"
              >
                Amount
              </span>
            </label>
            <label
              className="custom-control custom-radio custom-control-inline"
            >
              <input
                checked={false}
                className="custom-control-input"
                id="dr-radio-EPamlvD3lj"
                onChange={[Function]}
                type="radio"
              />
              <label
                aria-hidden="true"
                className="custom-control-label"
                id="dr-radio-EPamlvD3lj"
                onClick={[Function]}
              />
              <span
                className="custom-control-description"
              >
                Percentage
              </span>
            </label>
          </div>
        </div>
      </div>
      <div
        className="input-group"
      >
        <div
          className="input-group-prepend"
        >
          <span
            className="input-group-text"
          >
             $
          </span>
        </div>
        <input
          className="form-control"
          id="tip"
          min="0"
          name="tipAmount"
          onChange={[Function]}
          placeholder="ex: 3.69"
          type="number"
          value={0}
        />
      </div>
    </div>
    <div
      className="form-group"
      id="taxes"
    >
      <div
        className="container"
      >
        <div
          className="row"
        >
          <div
            className="display__left col"
          >
            <label>
              <strong>
                Tax Name
              </strong>
            </label>
          </div>
          <div
            className="col"
          >
            <label>
              PERCENTAGE
            </label>
          </div>
          <div
            className="col"
          />
        </div>
        <div>
          <div
            className="element__display row"
          >
            <div
              className="display__left col"
            >
               
              tps
            </div>
            <div
              className="col"
            >
               
              11
            </div>
            <div
              className="col"
            >
              <div
                className="remove__button"
                onClick={[Function]}
              >
                 - 
              </div>
            </div>
          </div>
          <hr />
        </div>
        <div
          className="row"
        >
          <div
            className="display__left col"
          >
            <input
              className="form-control"
              name="name"
              onChange={[Function]}
              placeholder="ex: TPS"
              value=""
            />
          </div>
          <div
            className="col"
          >
            <div
              className="input-group"
            >
              <div
                className="input-group-prepend"
              >
                <span
                  className="input-group-text"
                >
                  %
                </span>
              </div>
              <input
                className="form-control"
                max="100"
                min="0"
                name="percentage"
                onChange={[Function]}
                placeholder="ex: 5"
                type="number"
                value={0}
              />
            </div>
          </div>
          <div
            className="col"
          >
            <button
              className="btn btn-primary"
              onClick={[Function]}
              type="button"
            >
              Add
            </button>
          </div>
        </div>
      </div>
    </div>
    <div
      className="balance container"
    >
      <div
        className="row"
      >
        <div
          className="col-lg-4"
        >
          <strong>
            Total amount to split:
          </strong>
        </div>
        <div
          className="col-lg-8"
        >
          <span
            id="balance__amount"
          >
            0
             $
          </span>
        </div>
      </div>
    </div>
    <div
      className="form-group"
    >
      <div
        className="container"
      >
        <div
          className="row"
        >
          <div
            className="col-lg-4"
          >
            <strong>
              Invite Users
            </strong>
          </div>
          <div
            className="col-lg-8"
          />
        </div>
        <div>
          <div
            className="element__display row"
          >
            <div
              className="display__left col"
            >
               
              email
            </div>
            <div
              className="col"
            >
              <div
                className="remove__button"
                onClick={[Function]}
              >
                 - 
              </div>
            </div>
          </div>
          <hr />
        </div>
        <div
          className="row"
        >
          <div
            className="display__left col-lg-8"
          >
            <input
              className="form-control"
              id="account"
              name="email"
              onChange={[Function]}
              placeholder="friend@email.com"
              value=""
            />
          </div>
          <div
            className="col-lg-4"
          >
            <button
              className="btn btn-primary"
              onClick={[Function]}
              type="button"
            >
              Add
            </button>
          </div>
        </div>
      </div>
    </div>
  </form>
  <button
    className="btn btn-primary btn-md btn-pill"
    name="confirm"
    onClick={[Function]}
    type="button"
  >
    Confirm
  </button>
</div>
`;
